2026-07-24T09:35:05Z INF Thank you for trying Cloudflare Tunnel. Doing so, without a Cloudflare account, is a quick way to experiment and try it out. However, be aware that these account-less Tunnels have no uptime guarantee, are subject to the Cloudflare Online Services Terms of Use (https://www.cloudflare.com/website-terms/), and Cloudflare reserves the right to investigate your use of Tunnels for violations of such terms. If you intend to use Tunnels in production you should use a pre-created named tunnel by following: https://developers.cloudflare.com/cloudflare-one/connections/connect-apps
2026-07-24T09:35:05Z INF Requesting new quick Tunnel on trycloudflare.com...
2026-07-24T09:35:11Z INF +--------------------------------------------------------------------------------------------+
2026-07-24T09:35:11Z INF |  Your quick Tunnel has been created! Visit it at (it may take some time to be reachable):  |
2026-07-24T09:35:11Z INF |  https://ski-hong-southampton-incorporate.trycloudflare.com                                |
2026-07-24T09:35:11Z INF +--------------------------------------------------------------------------------------------+
2026-07-24T09:35:11Z INF Cannot determine default configuration path. No file [config.yml config.yaml] in [~/.cloudflared ~/.cloudflare-warp ~/cloudflare-warp]
2026-07-24T09:35:11Z INF Version 2026.7.3 (Checksum 0f220de46e772b8620f33b38a5f6d3efe4c40b3b748f3a2dd66a31a2131878de)
2026-07-24T09:35:11Z INF GOOS: windows, GOVersion: go1.26.4, GoArch: amd64
2026-07-24T09:35:11Z INF Settings: map[ha-connections:1 protocol:quic url:http://localhost:8000]
2026-07-24T09:35:11Z INF cloudflared will not automatically update on Windows systems.
2026-07-24T09:35:12Z INF Generated Connector ID: 98adde74-fe10-49a4-a103-ecec9c45e6d2
2026-07-24T09:35:12Z INF Initial protocol quic
2026-07-24T09:35:12Z INF ICMP proxy will use 137.63.191.195 as source for IPv4
2026-07-24T09:35:12Z INF ICMP proxy will use ::1 in zone Loopback Pseudo-Interface 1 as source for IPv6
2026-07-24T09:35:12Z INF cloudflared does not support loading the system root certificate pool on Windows. Please use --origin-ca-pool <PATH> to specify the path to the certificate pool
2026-07-24T09:35:12Z INF ICMP proxy will use 137.63.191.195 as source for IPv4
2026-07-24T09:35:12Z INF Tunnel connection curve preferences: [X25519MLKEM768 CurveID(65074) CurveP256] connIndex=0 event=0 ip=198.41.192.227
2026-07-24T09:35:12Z INF ICMP proxy will use ::1 in zone Loopback Pseudo-Interface 1 as source for IPv6
2026-07-24T09:35:12Z INF Starting metrics server on 127.0.0.1:20241/metrics
2026-07-24T09:35:12Z INF +-------------------------------------------------------------------------------------+
2026-07-24T09:35:12Z INF |                               CONNECTIVITY PRE-CHECKS                               |
2026-07-24T09:35:12Z INF +-------------------------------------------------------------------------------------+
2026-07-24T09:35:12Z INF |  COMPONENT         TARGET                     STATUS  DETAILS                       |
2026-07-24T09:35:12Z INF |  DNS Resolution    region1.v2.argotunnel.com  PASS    DNS Resolved successfully     |
2026-07-24T09:35:12Z INF |  DNS Resolution    region2.v2.argotunnel.com  PASS    DNS Resolved successfully     |
2026-07-24T09:35:12Z INF |  UDP Connectivity  region1.v2.argotunnel.com  PASS    QUIC connection successful    |
2026-07-24T09:35:12Z INF |  UDP Connectivity  region2.v2.argotunnel.com  PASS    QUIC connection successful    |
2026-07-24T09:35:12Z INF |  TCP Connectivity  region1.v2.argotunnel.com  PASS    HTTP/2 connection successful  |
2026-07-24T09:35:12Z INF |  TCP Connectivity  region2.v2.argotunnel.com  PASS    HTTP/2 connection successful  |
2026-07-24T09:35:12Z INF |  Cloudflare API    api.cloudflare.com:443     PASS    API is reachable              |
2026-07-24T09:35:12Z INF |                                                                                     |
2026-07-24T09:35:12Z INF |  SUMMARY: Environment is healthy. cloudflared will use 'quic' as primary protocol.  |
2026-07-24T09:35:12Z INF +-------------------------------------------------------------------------------------+
2026-07-24T09:35:12Z INF precheck component="DNS Resolution" details="DNS Resolved successfully" run_id=cb747c8e-b42d-49ac-b963-c5110c471b13 status=pass target=region1.v2.argotunnel.com
2026-07-24T09:35:12Z INF precheck component="DNS Resolution" details="DNS Resolved successfully" run_id=cb747c8e-b42d-49ac-b963-c5110c471b13 status=pass target=region2.v2.argotunnel.com
2026-07-24T09:35:12Z INF precheck component="UDP Connectivity" details="QUIC connection successful" run_id=cb747c8e-b42d-49ac-b963-c5110c471b13 status=pass target=region1.v2.argotunnel.com
2026-07-24T09:35:12Z INF precheck component="UDP Connectivity" details="QUIC connection successful" run_id=cb747c8e-b42d-49ac-b963-c5110c471b13 status=pass target=region2.v2.argotunnel.com
2026-07-24T09:35:12Z INF precheck component="TCP Connectivity" details="HTTP/2 connection successful" run_id=cb747c8e-b42d-49ac-b963-c5110c471b13 status=pass target=region1.v2.argotunnel.com
2026-07-24T09:35:12Z INF precheck component="TCP Connectivity" details="HTTP/2 connection successful" run_id=cb747c8e-b42d-49ac-b963-c5110c471b13 status=pass target=region2.v2.argotunnel.com
2026-07-24T09:35:12Z INF precheck component="Cloudflare API" details="API is reachable" run_id=cb747c8e-b42d-49ac-b963-c5110c471b13 status=pass target=api.cloudflare.com:443
2026-07-24T09:35:12Z INF precheck complete hard_fail=false run_id=cb747c8e-b42d-49ac-b963-c5110c471b13 suggested_protocol=quic
2026-07-24T09:35:12Z INF Registered tunnel connection connIndex=0 connection=ed3ecd0c-4259-4c90-92dd-559495ee7c4d event=0 ip=198.41.192.227 location=jnb06 protocol=quic
